nohup: ignoring input
Using spec: /home/opencode/computeruse/vector.md
[0m
> build · gpt-6-astra
[0m
I’ll inspect the recording and extraction paths, then implement the VA-API selection, fallback, and lifecycle checks. I’ll keep deterministic tests separate from hardware validation and report what this machine can verify.
[0m# [0mTodos
[•] Inspect video paths, tests, and available baseline tools
[ ] Implement recording acceleration and lifecycle regression tests
[ ] Implement offline decoding acceleration and regression tests
[ ] Document configuration and run standard checks and available hardware validation
[0m
[0m→ [0mRead record.sh
[0m• [0mInspect tests and documentation[90m Explore Agent[0m
[0m→ [0mRead Cargo.toml
[0m
[0m$ [0mgit status --short
?? vector.out
[0m
[0m→ [0mRead src/video.rs
[0m✓ [0mInspect tests and documentation[90m Explore Agent[0m
[0m
[0m$ [0mffmpeg -hide_banner -hwaccels
/bin/bash: line 1: ffmpeg: command not found
[0m
[0m→ [0mRead /dev/dri
[0m→ [0mRead README.md[90m [offset=135, limit=130][0m
[0m→ [0mRead QUICKSTART.md
[0m
[0m$ [0mffmpeg -hide_banner -encoders
/bin/bash: line 1: ffmpeg: command not found
[0m
[0m$ [0mcommand -v vainfo shellcheck ffprobe xdpyinfo timeout cargo
/usr/bin/shellcheck
/usr/bin/timeout
/home/opencode/.cargo/bin/cargo
[0m
[0m→ [0mRead src/bin/video-frames.rs
/home/opencode/opencode-source/script/run-spec.sh: line 24: 319979 Killed                  opencode-source run --dir "$invocation_dir" --agent build "$spec"
